Fatal error: exception File "compiler/tests-jsoo/bin/error2.ml", line 16, characters 2-7: Pattern matching failed
